<!doctype html>
<html lang="en">
<head>
    <meta charset="utf-8" />
    <title>foo</title>
</head>
<body>
    <div>foo</div>
    <pre class="language-javascript"><code>alert('foo');</code></pre>
</body>
</html>
